// Jest Snapshot v1, https://goo.gl/fbAQLP

exports[`<Table /> component with min requirements render correctly 1`] = `
<div
  className="css-nil 📦b-top_1px-solid-E4E7EB 📦b-rgt_1px-solid-E4E7EB 📦b-btm_1px-solid-E4E7EB 📦b-lft_1px-solid-E4E7EB 📦bg_11ev722 📦pst_relative 📦box-szg_border-box"
>
  <div
    className="css-nil 📦box-szg_border-box"
  >
    <div
      className="css-nil 📦b-btm_1px-solid-E4E7EB 📦bg_1eozcqw 📦dspl_flex 📦flx-srnk_0 📦pr_0px 📦h_auto 📦bg-clr_white 📦pt_15px 📦pb_15px 📦box-szg_border-box"
    >
      <div
        className="css-saeo60 css-nil 📦h_16px 📦pl_12px 📦pr_12px 📦box-szg_border-box 📦flx_1 📦dspl_flex 📦algn-itms_center 📦flx-srnk_0 📦ovflw-x_visible 📦ovflw-y_visible"
        onKeyDown={[Function]}
      >
        <svg
          className="📦ml_2px 📦mr_10px 📦w_12px 📦h_12px 📦box-szg_border-box"
          data-icon="search"
          style={
            Object {
              "fill": "#7B8B9A",
            }
          }
          viewBox="0 0 16 16"
        >
          <path
            d="M15.55 13.43l-2.67-2.68a6.94 6.94 0 001.11-3.76c0-3.87-3.13-7-7-7s-7 3.13-7 7 3.13 7 7 7c1.39 0 2.68-.42 3.76-1.11l2.68 2.67a1.498 1.498 0 102.12-2.12zm-8.56-1.44c-2.76 0-5-2.24-5-5s2.24-5 5-5 5 2.24 5 5-2.24 5-5 5z"
            fillRule="evenodd"
          />
        </svg>
        <input
          className="css-q4k7k7 📦color_425A70 📦fnt-fam_b77syt 📦fnt-sze_12px 📦f-wght_500 📦ln-ht_16px 📦ltr-spc_0 📦flx_1 📦ml_-2px 📦pl_0px 📦box-szg_border-box"
          onChange={[Function]}
          placeholder="Filter..."
          spellCheck={true}
        />
      </div>
       
    </div>
    <div
      className="css-nil 📦flx_1 📦ovflw-y_auto 📦box-szg_border-box"
      data-evergreen-table-body={true}
    >
      <div
        className="css-z3ro6d css-nil 📦b-btm_1px-solid-EDF0F2 📦dspl_flex 📦h_48px 📦algn-itms_center 📦pt_15px 📦pb_15px 📦box-szg_border-box"
        data-isselectable={true}
        onClick={[Function]}
        onKeyDown={[Function]}
        tabIndex={-1}
      >
        <div
          className="css-saeo60 css-nil 📦pl_12px 📦pr_12px 📦box-szg_border-box 📦flx_1 📦dspl_flex 📦algn-itms_center 📦flx-srnk_0 📦ovflw-x_hidden 📦ovflw-y_hidden"
          onKeyDown={[Function]}
        >
          <span
            className="📦color_425A70 📦fnt-fam_b77syt 📦fnt-sze_12px 📦f-wght_400 📦ln-ht_16px 📦ltr-spc_0 📦flx_1 📦ovflw-x_hidden 📦ovflw-y_hidden 📦txt-ovrf_ellipsis 📦wht-spc_nowrap 📦box-szg_border-box"
          >
            Taylor
          </span>
        </div>
        <div
          className="css-saeo60 css-nil 📦pl_12px 📦pr_12px 📦box-szg_border-box 📦flx_1 📦dspl_flex 📦algn-itms_center 📦flx-srnk_0 📦ovflw-x_hidden 📦ovflw-y_hidden"
          onKeyDown={[Function]}
        >
          <span
            className="📦color_425A70 📦fnt-fam_b77syt 📦fnt-sze_12px 📦f-wght_400 📦ln-ht_16px 📦ltr-spc_0 📦flx_1 📦ovflw-x_hidden 📦ovflw-y_hidden 📦txt-ovrf_ellipsis 📦wht-spc_nowrap 📦box-szg_border-box"
          >
            Davis
          </span>
        </div>
        <div
          className="css-saeo60 css-nil 📦pl_12px 📦pr_12px 📦box-szg_border-box 📦flx_1 📦dspl_flex 📦algn-itms_center 📦flx-srnk_0 📦ovflw-x_hidden 📦ovflw-y_hidden"
          onKeyDown={[Function]}
        >
          <span
            className="📦color_425A70 📦fnt-fam_b77syt 📦fnt-sze_12px 📦f-wght_400 📦ln-ht_16px 📦ltr-spc_0 📦flx_1 📦ovflw-x_hidden 📦ovflw-y_hidden 📦txt-ovrf_ellipsis 📦wht-spc_nowrap 📦box-szg_border-box"
          >
            Netherlands
          </span>
        </div>
        <div
          className="css-saeo60 css-nil 📦pl_12px 📦pr_12px 📦box-szg_border-box 📦flx_1 📦dspl_flex 📦algn-itms_center 📦flx-srnk_0 📦ovflw-x_hidden 📦ovflw-y_hidden"
          onKeyDown={[Function]}
        >
          <span
            className="📦color_425A70 📦fnt-fam_b77syt 📦fnt-sze_12px 📦f-wght_400 📦ln-ht_16px 📦ltr-spc_0 📦flx_1 📦ovflw-x_hidden 📦ovflw-y_hidden 📦txt-ovrf_ellipsis 📦wht-spc_nowrap 📦box-szg_border-box"
          >
            DevOps
          </span>
        </div>
        <div
          className="css-saeo60 css-nil 📦pl_12px 📦pr_12px 📦box-szg_border-box 📦flx_1 📦dspl_flex 📦algn-itms_center 📦flx-srnk_0 📦ovflw-x_hidden 📦ovflw-y_hidden"
          onKeyDown={[Function]}
        >
          <span
            className="📦color_425A70 📦fnt-fam_b77syt 📦fnt-sze_12px 📦f-wght_400 📦ln-ht_16px 📦ltr-spc_0 📦flx_1 📦ovflw-x_hidden 📦ovflw-y_hidden 📦txt-ovrf_ellipsis 📦wht-spc_nowrap 📦box-szg_border-box"
          >
            taylor.davis@fancygrid.com
          </span>
        </div>
      </div>
      <div
        className="css-z3ro6d css-nil 📦b-btm_1px-solid-EDF0F2 📦dspl_flex 📦h_48px 📦algn-itms_center 📦pt_15px 📦pb_15px 📦box-szg_border-box"
        data-isselectable={true}
        onClick={[Function]}
        onKeyDown={[Function]}
        tabIndex={-1}
      >
        <div
          className="css-saeo60 css-nil 📦pl_12px 📦pr_12px 📦box-szg_border-box 📦flx_1 📦dspl_flex 📦algn-itms_center 📦flx-srnk_0 📦ovflw-x_hidden 📦ovflw-y_hidden"
          onKeyDown={[Function]}
        >
          <span
            className="📦color_425A70 📦fnt-fam_b77syt 📦fnt-sze_12px 📦f-wght_400 📦ln-ht_16px 📦ltr-spc_0 📦flx_1 📦ovflw-x_hidden 📦ovflw-y_hidden 📦txt-ovrf_ellipsis 📦wht-spc_nowrap 📦box-szg_border-box"
          >
            Isabella
          </span>
        </div>
        <div
          className="css-saeo60 css-nil 📦pl_12px 📦pr_12px 📦box-szg_border-box 📦flx_1 📦dspl_flex 📦algn-itms_center 📦flx-srnk_0 📦ovflw-x_hidden 📦ovflw-y_hidden"
          onKeyDown={[Function]}
        >
          <span
            className="📦color_425A70 📦fnt-fam_b77syt 📦fnt-sze_12px 📦f-wght_400 📦ln-ht_16px 📦ltr-spc_0 📦flx_1 📦ovflw-x_hidden 📦ovflw-y_hidden 📦txt-ovrf_ellipsis 📦wht-spc_nowrap 📦box-szg_border-box"
          >
            Scott
          </span>
        </div>
        <div
          className="css-saeo60 css-nil 📦pl_12px 📦pr_12px 📦box-szg_border-box 📦flx_1 📦dspl_flex 📦algn-itms_center 📦flx-srnk_0 📦ovflw-x_hidden 📦ovflw-y_hidden"
          onKeyDown={[Function]}
        >
          <span
            className="📦color_425A70 📦fnt-fam_b77syt 📦fnt-sze_12px 📦f-wght_400 📦ln-ht_16px 📦ltr-spc_0 📦flx_1 📦ovflw-x_hidden 📦ovflw-y_hidden 📦txt-ovrf_ellipsis 📦wht-spc_nowrap 📦box-szg_border-box"
          >
            Australia
          </span>
        </div>
        <div
          className="css-saeo60 css-nil 📦pl_12px 📦pr_12px 📦box-szg_border-box 📦flx_1 📦dspl_flex 📦algn-itms_center 📦flx-srnk_0 📦ovflw-x_hidden 📦ovflw-y_hidden"
          onKeyDown={[Function]}
        >
          <span
            className="📦color_425A70 📦fnt-fam_b77syt 📦fnt-sze_12px 📦f-wght_400 📦ln-ht_16px 📦ltr-spc_0 📦flx_1 📦ovflw-x_hidden 📦ovflw-y_hidden 📦txt-ovrf_ellipsis 📦wht-spc_nowrap 📦box-szg_border-box"
          >
            PHP Developer
          </span>
        </div>
        <div
          className="css-saeo60 css-nil 📦pl_12px 📦pr_12px 📦box-szg_border-box 📦flx_1 📦dspl_flex 📦algn-itms_center 📦flx-srnk_0 📦ovflw-x_hidden 📦ovflw-y_hidden"
          onKeyDown={[Function]}
        >
          <span
            className="📦color_425A70 📦fnt-fam_b77syt 📦fnt-sze_12px 📦f-wght_400 📦ln-ht_16px 📦ltr-spc_0 📦flx_1 📦ovflw-x_hidden 📦ovflw-y_hidden 📦txt-ovrf_ellipsis 📦wht-spc_nowrap 📦box-szg_border-box"
          >
            isabella.scott@fancygrid.com
          </span>
        </div>
      </div>
      <div
        className="css-z3ro6d css-nil 📦b-btm_1px-solid-EDF0F2 📦dspl_flex 📦h_48px 📦algn-itms_center 📦pt_15px 📦pb_15px 📦box-szg_border-box"
        data-isselectable={true}
        onClick={[Function]}
        onKeyDown={[Function]}
        tabIndex={-1}
      >
        <div
          className="css-saeo60 css-nil 📦pl_12px 📦pr_12px 📦box-szg_border-box 📦flx_1 📦dspl_flex 📦algn-itms_center 📦flx-srnk_0 📦ovflw-x_hidden 📦ovflw-y_hidden"
          onKeyDown={[Function]}
        >
          <span
            className="📦color_425A70 📦fnt-fam_b77syt 📦fnt-sze_12px 📦f-wght_400 📦ln-ht_16px 📦ltr-spc_0 📦flx_1 📦ovflw-x_hidden 📦ovflw-y_hidden 📦txt-ovrf_ellipsis 📦wht-spc_nowrap 📦box-szg_border-box"
          >
            Chloe
          </span>
        </div>
        <div
          className="css-saeo60 css-nil 📦pl_12px 📦pr_12px 📦box-szg_border-box 📦flx_1 📦dspl_flex 📦algn-itms_center 📦flx-srnk_0 📦ovflw-x_hidden 📦ovflw-y_hidden"
          onKeyDown={[Function]}
        >
          <span
            className="📦color_425A70 📦fnt-fam_b77syt 📦fnt-sze_12px 📦f-wght_400 📦ln-ht_16px 📦ltr-spc_0 📦flx_1 📦ovflw-x_hidden 📦ovflw-y_hidden 📦txt-ovrf_ellipsis 📦wht-spc_nowrap 📦box-szg_border-box"
          >
            Woods
          </span>
        </div>
        <div
          className="css-saeo60 css-nil 📦pl_12px 📦pr_12px 📦box-szg_border-box 📦flx_1 📦dspl_flex 📦algn-itms_center 📦flx-srnk_0 📦ovflw-x_hidden 📦ovflw-y_hidden"
          onKeyDown={[Function]}
        >
          <span
            className="📦color_425A70 📦fnt-fam_b77syt 📦fnt-sze_12px 📦f-wght_400 📦ln-ht_16px 📦ltr-spc_0 📦flx_1 📦ovflw-x_hidden 📦ovflw-y_hidden 📦txt-ovrf_ellipsis 📦wht-spc_nowrap 📦box-szg_border-box"
          >
            Sweden
          </span>
        </div>
        <div
          className="css-saeo60 css-nil 📦pl_12px 📦pr_12px 📦box-szg_border-box 📦flx_1 📦dspl_flex 📦algn-itms_center 📦flx-srnk_0 📦ovflw-x_hidden 📦ovflw-y_hidden"
          onKeyDown={[Function]}
        >
          <span
            className="📦color_425A70 📦fnt-fam_b77syt 📦fnt-sze_12px 📦f-wght_400 📦ln-ht_16px 📦ltr-spc_0 📦flx_1 📦ovflw-x_hidden 📦ovflw-y_hidden 📦txt-ovrf_ellipsis 📦wht-spc_nowrap 📦box-szg_border-box"
          >
            C++ Developer
          </span>
        </div>
        <div
          className="css-saeo60 css-nil 📦pl_12px 📦pr_12px 📦box-szg_border-box 📦flx_1 📦dspl_flex 📦algn-itms_center 📦flx-srnk_0 📦ovflw-x_hidden 📦ovflw-y_hidden"
          onKeyDown={[Function]}
        >
          <span
            className="📦color_425A70 📦fnt-fam_b77syt 📦fnt-sze_12px 📦f-wght_400 📦ln-ht_16px 📦ltr-spc_0 📦flx_1 📦ovflw-x_hidden 📦ovflw-y_hidden 📦txt-ovrf_ellipsis 📦wht-spc_nowrap 📦box-szg_border-box"
          >
            chloe.woods@fancygrid.com
          </span>
        </div>
      </div>
      <div
        className="css-z3ro6d css-nil 📦b-btm_1px-solid-EDF0F2 📦dspl_flex 📦h_48px 📦algn-itms_center 📦pt_15px 📦pb_15px 📦box-szg_border-box"
        data-isselectable={true}
        onClick={[Function]}
        onKeyDown={[Function]}
        tabIndex={-1}
      >
        <div
          className="css-saeo60 css-nil 📦pl_12px 📦pr_12px 📦box-szg_border-box 📦flx_1 📦dspl_flex 📦algn-itms_center 📦flx-srnk_0 📦ovflw-x_hidden 📦ovflw-y_hidden"
          onKeyDown={[Function]}
        >
          <span
            className="📦color_425A70 📦fnt-fam_b77syt 📦fnt-sze_12px 📦f-wght_400 📦ln-ht_16px 📦ltr-spc_0 📦flx_1 📦ovflw-x_hidden 📦ovflw-y_hidden 📦txt-ovrf_ellipsis 📦wht-spc_nowrap 📦box-szg_border-box"
          >
            Ivan
          </span>
        </div>
        <div
          className="css-saeo60 css-nil 📦pl_12px 📦pr_12px 📦box-szg_border-box 📦flx_1 📦dspl_flex 📦algn-itms_center 📦flx-srnk_0 📦ovflw-x_hidden 📦ovflw-y_hidden"
          onKeyDown={[Function]}
        >
          <span
            className="📦color_425A70 📦fnt-fam_b77syt 📦fnt-sze_12px 📦f-wght_400 📦ln-ht_16px 📦ltr-spc_0 📦flx_1 📦ovflw-x_hidden 📦ovflw-y_hidden 📦txt-ovrf_ellipsis 📦wht-spc_nowrap 📦box-szg_border-box"
          >
            Richardson
          </span>
        </div>
        <div
          className="css-saeo60 css-nil 📦pl_12px 📦pr_12px 📦box-szg_border-box 📦flx_1 📦dspl_flex 📦algn-itms_center 📦flx-srnk_0 📦ovflw-x_hidden 📦ovflw-y_hidden"
          onKeyDown={[Function]}
        >
          <span
            className="📦color_425A70 📦fnt-fam_b77syt 📦fnt-sze_12px 📦f-wght_400 📦ln-ht_16px 📦ltr-spc_0 📦flx_1 📦ovflw-x_hidden 📦ovflw-y_hidden 📦txt-ovrf_ellipsis 📦wht-spc_nowrap 📦box-szg_border-box"
          >
            Singapore
          </span>
        </div>
        <div
          className="css-saeo60 css-nil 📦pl_12px 📦pr_12px 📦box-szg_border-box 📦flx_1 📦dspl_flex 📦algn-itms_center 📦flx-srnk_0 📦ovflw-x_hidden 📦ovflw-y_hidden"
          onKeyDown={[Function]}
        >
          <span
            className="📦color_425A70 📦fnt-fam_b77syt 📦fnt-sze_12px 📦f-wght_400 📦ln-ht_16px 📦ltr-spc_0 📦flx_1 📦ovflw-x_hidden 📦ovflw-y_hidden 📦txt-ovrf_ellipsis 📦wht-spc_nowrap 📦box-szg_border-box"
          >
            C++ Developer
          </span>
        </div>
        <div
          className="css-saeo60 css-nil 📦pl_12px 📦pr_12px 📦box-szg_border-box 📦flx_1 📦dspl_flex 📦algn-itms_center 📦flx-srnk_0 📦ovflw-x_hidden 📦ovflw-y_hidden"
          onKeyDown={[Function]}
        >
          <span
            className="📦color_425A70 📦fnt-fam_b77syt 📦fnt-sze_12px 📦f-wght_400 📦ln-ht_16px 📦ltr-spc_0 📦flx_1 📦ovflw-x_hidden 📦ovflw-y_hidden 📦txt-ovrf_ellipsis 📦wht-spc_nowrap 📦box-szg_border-box"
          >
            ivan.richardson@fancygrid.com
          </span>
        </div>
      </div>
      <div
        className="css-z3ro6d css-nil 📦b-btm_1px-solid-EDF0F2 📦dspl_flex 📦h_48px 📦algn-itms_center 📦pt_15px 📦pb_15px 📦box-szg_border-box"
        data-isselectable={true}
        onClick={[Function]}
        onKeyDown={[Function]}
        tabIndex={-1}
      >
        <div
          className="css-saeo60 css-nil 📦pl_12px 📦pr_12px 📦box-szg_border-box 📦flx_1 📦dspl_flex 📦algn-itms_center 📦flx-srnk_0 📦ovflw-x_hidden 📦ovflw-y_hidden"
          onKeyDown={[Function]}
        >
          <span
            className="📦color_425A70 📦fnt-fam_b77syt 📦fnt-sze_12px 📦f-wght_400 📦ln-ht_16px 📦ltr-spc_0 📦flx_1 📦ovflw-x_hidden 📦ovflw-y_hidden 📦txt-ovrf_ellipsis 📦wht-spc_nowrap 📦box-szg_border-box"
          >
            Ivan
          </span>
        </div>
        <div
          className="css-saeo60 css-nil 📦pl_12px 📦pr_12px 📦box-szg_border-box 📦flx_1 📦dspl_flex 📦algn-itms_center 📦flx-srnk_0 📦ovflw-x_hidden 📦ovflw-y_hidden"
          onKeyDown={[Function]}
        >
          <span
            className="📦color_425A70 📦fnt-fam_b77syt 📦fnt-sze_12px 📦f-wght_400 📦ln-ht_16px 📦ltr-spc_0 📦flx_1 📦ovflw-x_hidden 📦ovflw-y_hidden 📦txt-ovrf_ellipsis 📦wht-spc_nowrap 📦box-szg_border-box"
          >
            Brown
          </span>
        </div>
        <div
          className="css-saeo60 css-nil 📦pl_12px 📦pr_12px 📦box-szg_border-box 📦flx_1 📦dspl_flex 📦algn-itms_center 📦flx-srnk_0 📦ovflw-x_hidden 📦ovflw-y_hidden"
          onKeyDown={[Function]}
        >
          <span
            className="📦color_425A70 📦fnt-fam_b77syt 📦fnt-sze_12px 📦f-wght_400 📦ln-ht_16px 📦ltr-spc_0 📦flx_1 📦ovflw-x_hidden 📦ovflw-y_hidden 📦txt-ovrf_ellipsis 📦wht-spc_nowrap 📦box-szg_border-box"
          >
            Taiwan
          </span>
        </div>
        <div
          className="css-saeo60 css-nil 📦pl_12px 📦pr_12px 📦box-szg_border-box 📦flx_1 📦dspl_flex 📦algn-itms_center 📦flx-srnk_0 📦ovflw-x_hidden 📦ovflw-y_hidden"
          onKeyDown={[Function]}
        >
          <span
            className="📦color_425A70 📦fnt-fam_b77syt 📦fnt-sze_12px 📦f-wght_400 📦ln-ht_16px 📦ltr-spc_0 📦flx_1 📦ovflw-x_hidden 📦ovflw-y_hidden 📦txt-ovrf_ellipsis 📦wht-spc_nowrap 📦box-szg_border-box"
          >
            Data Science Engineer
          </span>
        </div>
        <div
          className="css-saeo60 css-nil 📦pl_12px 📦pr_12px 📦box-szg_border-box 📦flx_1 📦dspl_flex 📦algn-itms_center 📦flx-srnk_0 📦ovflw-x_hidden 📦ovflw-y_hidden"
          onKeyDown={[Function]}
        >
          <span
            className="📦color_425A70 📦fnt-fam_b77syt 📦fnt-sze_12px 📦f-wght_400 📦ln-ht_16px 📦ltr-spc_0 📦flx_1 📦ovflw-x_hidden 📦ovflw-y_hidden 📦txt-ovrf_ellipsis 📦wht-spc_nowrap 📦box-szg_border-box"
          >
            ivan.brown@fancygrid.com
          </span>
        </div>
      </div>
    </div>
  </div>
  <div
    className="css-nil 📦bg_11ev722 📦w_100prcnt 📦dspl_flex 📦just-cnt_flex-end 📦pt_15px 📦pb_15px 📦box-szg_border-box"
  >
    <div
      className="css-nil 📦dspl_inline-flex 📦mr_15px 📦box-szg_border-box"
    >
      <button
        className="css-1ii3p2c 📦fnt-fam_b77syt 📦mt_0px 📦fnt-sze_12px 📦f-wght_500 📦ln-ht_25px 📦ltr-spc_0 📦btrr_3px 📦bbrr_3px 📦btlr_3px 📦bblr_3px 📦pt_0px 📦pb_0px 📦pr_0px 📦pl_0px 📦ml_0px 📦mr_0px 📦mb_0px 📦h_25px 📦pst_relative 📦dspl_flex 📦algn-itms_center 📦flx-wrap_nowrap 📦w_25px 📦just-cnt_center 📦box-szg_border-box"
        disabled={true}
        onClick={[Function]}
      >
        <svg
          className="📦w_12px 📦h_12px 📦box-szg_border-box"
          data-icon="chevron-left"
          style={
            Object {
              "fill": "#66788A",
            }
          }
          viewBox="0 0 16 16"
        >
          <path
            d="M7.41 8l3.29-3.29c.19-.18.3-.43.3-.71a1.003 1.003 0 00-1.71-.71l-4 4C5.11 7.47 5 7.72 5 8c0 .28.11.53.29.71l4 4a1.003 1.003 0 001.42-1.42L7.41 8z"
            fillRule="evenodd"
          />
        </svg>
      </button>
      <div
        className="css-nil 📦box-szg_border-box"
      >
        <button
          className="css-1ii3p2c 📦color_425a70 📦fnt-fam_b77syt 📦mt_0px 📦fnt-sze_11px 📦f-wght_bold 📦ln-ht_25px 📦ltr-spc_0 📦btrr_3px 📦bbrr_3px 📦btlr_3px 📦bblr_3px 📦pt_0px 📦pb_0px 📦pr_10px 📦pl_10px 📦ml_5px 📦mr_5px 📦mb_0px 📦h_25px 📦pst_relative 📦dspl_inline-flex 📦algn-itms_center 📦flx-wrap_nowrap 📦bg_1ofpdvj 📦box-szg_border-box"
          onClick={[Function]}
        >
          1
        </button>
        <button
          className="css-1ii3p2c 📦color_425a70 📦fnt-fam_b77syt 📦mt_0px 📦fnt-sze_11px 📦f-wght_normal 📦ln-ht_25px 📦ltr-spc_0 📦btrr_3px 📦bbrr_3px 📦btlr_3px 📦bblr_3px 📦pt_0px 📦pb_0px 📦pr_10px 📦pl_10px 📦ml_5px 📦mr_5px 📦mb_0px 📦h_25px 📦pst_relative 📦dspl_inline-flex 📦algn-itms_center 📦flx-wrap_nowrap 📦bg_11ev722 📦box-szg_border-box"
          onClick={[Function]}
        >
          2
        </button>
      </div>
      <button
        className="css-1ii3p2c 📦fnt-fam_b77syt 📦mt_0px 📦fnt-sze_11px 📦f-wght_500 📦ln-ht_25px 📦ltr-spc_0 📦btrr_3px 📦bbrr_3px 📦btlr_3px 📦bblr_3px 📦pt_0px 📦pb_0px 📦pr_0px 📦pl_0px 📦ml_0px 📦mr_0px 📦mb_0px 📦h_25px 📦pst_relative 📦dspl_flex 📦algn-itms_center 📦flx-wrap_nowrap 📦w_25px 📦just-cnt_center 📦box-szg_border-box"
        onClick={[Function]}
      >
        <svg
          className="📦w_12px 📦h_12px 📦box-szg_border-box"
          data-icon="chevron-right"
          style={
            Object {
              "fill": "#66788A",
            }
          }
          viewBox="0 0 16 16"
        >
          <path
            d="M10.71 7.29l-4-4a1.003 1.003 0 00-1.42 1.42L8.59 8 5.3 11.29c-.19.18-.3.43-.3.71a1.003 1.003 0 001.71.71l4-4c.18-.18.29-.43.29-.71 0-.28-.11-.53-.29-.71z"
            fillRule="evenodd"
          />
        </svg>
      </button>
    </div>
  </div>
</div>
`;
